Release 14.7 - xst P.20131013 (nt64)
Copyright (c) 1995-2013 Xilinx, Inc.  All rights reserved.
--> Parameter TMPDIR set to xst/projnav.tmp


Total REAL time to Xst completion: 0.00 secs
Total CPU time to Xst completion: 0.14 secs
 
--> Parameter xsthdpdir set to xst


Total REAL time to Xst completion: 0.00 secs
Total CPU time to Xst completion: 0.14 secs
 
--> Reading design: mips.prj

TABLE OF CONTENTS
  1) Synthesis Options Summary
  2) HDL Parsing
  3) HDL Elaboration
  4) HDL Synthesis
       4.1) HDL Synthesis Report
  5) Advanced HDL Synthesis
       5.1) Advanced HDL Synthesis Report
  6) Low Level Synthesis
  7) Partition Report
  8) Design Summary
       8.1) Primitive and Black Box Usage
       8.2) Device utilization summary
       8.3) Partition Resource Summary
       8.4) Timing Report
            8.4.1) Clock Information
            8.4.2) Asynchronous Control Signals Information
            8.4.3) Timing Summary
            8.4.4) Timing Details
            8.4.5) Cross Clock Domains Report


=========================================================================
*                      Synthesis Options Summary                        *
=========================================================================
---- Source Parameters
Input File Name                    : "mips.prj"
Ignore Synthesis Constraint File   : NO

---- Target Parameters
Output File Name                   : "mips"
Output Format                      : NGC
Target Device                      : xc7a100t-3-csg324

---- Source Options
Top Module Name                    : mips
Automatic FSM Extraction           : YES
FSM Encoding Algorithm             : Auto
Safe Implementation                : No
FSM Style                          : LUT
RAM Extraction                     : Yes
RAM Style                          : Auto
ROM Extraction                     : Yes
Shift Register Extraction          : YES
ROM Style                          : Auto
Resource Sharing                   : YES
Asynchronous To Synchronous        : NO
Shift Register Minimum Size        : 2
Use DSP Block                      : Auto
Automatic Register Balancing       : No

---- Target Options
LUT Combining                      : Auto
Reduce Control Sets                : Auto
Add IO Buffers                     : YES
Global Maximum Fanout              : 100000
Add Generic Clock Buffer(BUFG)     : 32
Register Duplication               : YES
Optimize Instantiated Primitives   : NO
Use Clock Enable                   : Auto
Use Synchronous Set                : Auto
Use Synchronous Reset              : Auto
Pack IO Registers into IOBs        : Auto
Equivalent register Removal        : YES

---- General Options
Optimization Goal                  : Speed
Optimization Effort                : 1
Power Reduction                    : NO
Keep Hierarchy                     : No
Netlist Hierarchy                  : As_Optimized
RTL Output                         : Yes
Global Optimization                : AllClockNets
Read Cores                         : YES
Write Timing Constraints           : NO
Cross Clock Analysis               : NO
Hierarchy Separator                : /
Bus Delimiter                      : <>
Case Specifier                     : Maintain
Slice Utilization Ratio            : 100
BRAM Utilization Ratio             : 100
DSP48 Utilization Ratio            : 100
Auto BRAM Packing                  : NO
Slice Utilization Ratio Delta      : 5

=========================================================================


=========================================================================
*                          HDL Parsing                                  *
=========================================================================
Analyzing Verilog file "D:\ise_project\P6new\PC.v" into library work
Parsing module <PC>.
Analyzing Verilog file "D:\ise_project\P6new\NPC.v" into library work
Parsing module <NPC>.
Analyzing Verilog file "D:\ise_project\P6new\mux.v" into library work
Parsing module <mux_8>.
Parsing module <mux_4>.
Analyzing Verilog file "D:\ise_project\P6new\InstrType.v" into library work
Parsing module <InstrType>.
Analyzing Verilog file "D:\ise_project\P6new\IM.v" into library work
Parsing module <IM>.
Analyzing Verilog file "D:\ise_project\P6new\GRF.v" into library work
Parsing module <GRF>.
Analyzing Verilog file "D:\ise_project\P6new\EXT.v" into library work
Parsing module <EXT>.
Analyzing Verilog file "D:\ise_project\P6new\DMDataExt.v" into library work
Parsing module <DMDataEXT>.
Analyzing Verilog file "D:\ise_project\P6new\DM.v" into library work
Parsing module <DM>.
Analyzing Verilog file "D:\ise_project\P6new\controller.v" into library work
Parsing module <controller>.
Analyzing Verilog file "D:\ise_project\P6new\CMP.v" into library work
Parsing module <CMP>.
Analyzing Verilog file "D:\ise_project\P6new\ALUMD.v" into library work
Parsing module <ALUMD>.
Analyzing Verilog file "D:\ise_project\P6new\ALU.v" into library work
Parsing module <ALU>.
Analyzing Verilog file "D:\ise_project\P6new\Wpart.v" into library work
Parsing module <Wpart>.
Analyzing Verilog file "D:\ise_project\P6new\Mpart.v" into library work
Parsing module <Mpart>.
Analyzing Verilog file "D:\ise_project\P6new\hazard.v" into library work
Parsing module <hazard>.
Analyzing Verilog file "D:\ise_project\P6new\Fpart.v" into library work
Parsing module <Fpart>.
Analyzing Verilog file "D:\ise_project\P6new\Epart.v" into library work
Parsing module <Epart>.
Analyzing Verilog file "D:\ise_project\P6new\Dpart.v" into library work
Parsing module <Dpart>.
Analyzing Verilog file "D:\ise_project\P6new\mips.v" into library work
Parsing module <mips>.

=========================================================================
*                            HDL Elaboration                            *
=========================================================================
WARNING:HDLCompiler:1016 - "D:\ise_project\P6new\mips.v" Line 247: Port DMDataEXT_W is not connected to this instance

Elaborating module <mips>.

Elaborating module <Fpart>.

Elaborating module <mux_4(width=32)>.

Elaborating module <PC>.

Elaborating module <IM>.
Reading initialization file \"code.txt\".
WARNING:HDLCompiler:1670 - "D:\ise_project\P6new\IM.v" Line 37: Signal <code> in initial block is partially initialized.
WARNING:HDLCompiler:1016 - "D:\ise_project\P6new\Dpart.v" Line 66: Port RegDst is not connected to this instance

Elaborating module <Dpart>.
WARNING:HDLCompiler:1127 - "D:\ise_project\P6new\Dpart.v" Line 56: Assignment to Op ignored, since the identifier is never used
WARNING:HDLCompiler:1127 - "D:\ise_project\P6new\Dpart.v" Line 59: Assignment to func ignored, since the identifier is never used

Elaborating module <controller>.

Elaborating module <GRF>.
"D:\ise_project\P6new\GRF.v" Line 67. $display  32'b................................ 5'b..... 32'b................................

Elaborating module <EXT>.

Elaborating module <CMP>.

Elaborating module <NPC>.
WARNING:HDLCompiler:1016 - "D:\ise_project\P6new\Epart.v" Line 52: Port RegDst is not connected to this instance

Elaborating module <Epart>.

Elaborating module <mux_8(width=32)>.

Elaborating module <ALU>.

Elaborating module <ALUMD>.
WARNING:HDLCompiler:1016 - "D:\ise_project\P6new\Mpart.v" Line 51: Port RegDst is not connected to this instance

Elaborating module <Mpart>.

Elaborating module <DM>.
"D:\ise_project\P6new\DM.v" Line 66. $display  32'b................................ 32'b..............................00 32'b................................
WARNING:HDLCompiler:1016 - "D:\ise_project\P6new\Wpart.v" Line 41: Port ALU_Asel is not connected to this instance

Elaborating module <Wpart>.

Elaborating module <DMDataEXT>.

Elaborating module <mux_4(width=5)>.
WARNING:HDLCompiler:1016 - "D:\ise_project\P6new\hazard.v" Line 62: Port linkRa is not connected to this instance
WARNING:HDLCompiler:1016 - "D:\ise_project\P6new\hazard.v" Line 78: Port mulDiv is not connected to this instance
WARNING:HDLCompiler:1016 - "D:\ise_project\P6new\hazard.v" Line 95: Port mulDiv is not connected to this instance
WARNING:HDLCompiler:1016 - "D:\ise_project\P6new\hazard.v" Line 112: Port mulDiv is not connected to this instance

Elaborating module <hazard>.

Elaborating module <InstrType>.
WARNING:HDLCompiler:1127 - "D:\ise_project\P6new\hazard.v" Line 73: Assignment to mfHILO_D ignored, since the identifier is never used
WARNING:HDLCompiler:1127 - "D:\ise_project\P6new\hazard.v" Line 83: Assignment to branch_E ignored, since the identifier is never used
WARNING:HDLCompiler:1127 - "D:\ise_project\P6new\hazard.v" Line 86: Assignment to jr_E ignored, since the identifier is never used
WARNING:HDLCompiler:1127 - "D:\ise_project\P6new\hazard.v" Line 87: Assignment to linkRa_E ignored, since the identifier is never used
WARNING:HDLCompiler:1127 - "D:\ise_project\P6new\hazard.v" Line 88: Assignment to jalr_E ignored, since the identifier is never used
WARNING:HDLCompiler:1127 - "D:\ise_project\P6new\hazard.v" Line 100: Assignment to branch_M ignored, since the identifier is never used
WARNING:HDLCompiler:1127 - "D:\ise_project\P6new\hazard.v" Line 103: Assignment to jr_M ignored, since the identifier is never used
WARNING:HDLCompiler:1127 - "D:\ise_project\P6new\hazard.v" Line 106: Assignment to mtHILO_M ignored, since the identifier is never used
WARNING:HDLCompiler:1127 - "D:\ise_project\P6new\hazard.v" Line 117: Assignment to branch_W ignored, since the identifier is never used
WARNING:HDLCompiler:1127 - "D:\ise_project\P6new\hazard.v" Line 119: Assignment to store_W ignored, since the identifier is never used
WARNING:HDLCompiler:1127 - "D:\ise_project\P6new\hazard.v" Line 120: Assignment to jr_W ignored, since the identifier is never used
WARNING:HDLCompiler:1127 - "D:\ise_project\P6new\hazard.v" Line 123: Assignment to mtHILO_W ignored, since the identifier is never used
WARNING:Xst:2972 - "D:\ise_project\P6new\mips.v" line 57. All outputs of instance <IF> of block <Fpart> are unconnected in block <mips>. Underlying logic will be removed.
WARNING:Xst:2972 - "D:\ise_project\P6new\mips.v" line 94. All outputs of instance <ID> of block <Dpart> are unconnected in block <mips>. Underlying logic will be removed.
WARNING:Xst:2972 - "D:\ise_project\P6new\mips.v" line 149. All outputs of instance <EX> of block <Epart> are unconnected in block <mips>. Underlying logic will be removed.
WARNING:Xst:2972 - "D:\ise_project\P6new\mips.v" line 206. All outputs of instance <MEM> of block <Mpart> are unconnected in block <mips>. Underlying logic will be removed.
WARNING:Xst:2972 - "D:\ise_project\P6new\mips.v" line 247. All outputs of instance <WB> of block <Wpart> are unconnected in block <mips>. Underlying logic will be removed.
WARNING:Xst:2972 - "D:\ise_project\P6new\mips.v" line 261. All outputs of instance <HazardUnit> of block <hazard> are unconnected in block <mips>. Underlying logic will be removed.
